exports[`StyleSheet (Rendered CSS) pseudo styles allows for pseudo-styles 1`] = `
"
.rzhqa44:hover
{
width:20px;
}
.riv7kbt
{
width:30px;
}
"
`;

exports[`StyleSheet .resolve(style) positional classes does not flush styles before they are used 1`] = `
"
"
`;

exports[`StyleSheet .resolve(style) positional classes flushes styles when they are used 1`] = `
"
.rtkgqor
{
width:1px;
}
"
`;

exports[`StyleSheet .resolve(style) positional classes uses compound selectors when styles are applied at a certain index 1`] = `
"
.rtkgqor,
.rtkgqor1.rtkgqor1
{
width:1px;
}
"
`;
